#include<iostream>
#include<cstdio>










using namespace std;



int some_function(int a) {
	return a << (1 << 4);
}







int main()
{
  
  int i = 5;
  
  cout << "Jakis program" << endl; 
  
  cout << "Poczatek komentarza /*" << endl; 
  


  
  


  
  
  
  cout << "Koniec komentarza */ "<< endl; 
  cout << "Komentarz /* ala */" << endl;
  
  

  


  


  
   
  cout << "Zabawa \" // \\\\\"ala i kot \\\\" << endl; 
  cout << "Komentarz // kot " << endl;
  cout << "Pulapka \" \
           // ma \
           /* \\\"ma\" */ \
		   /** doc */\
           \\\\" << endl;
 cout << "Zabawa \" // ala i kot " << endl;	   
 printf("Zabawa \" // ala i kot ");
}
